---
insertId: -jbhm9d4r92
logName: projects/arvion-241094/logs/cloudaudit.googleapis.com%2Fsystem_event
protoPayload:
  '@type': type.googleapis.com/google.cloud.audit.AuditLog
  methodName: /Services.CreateService
  resourceName: namespaces/arvion-241094/services/arvion-backend
  response:
    '@type': type.googleapis.com/google.cloud.run.v1.Service
    apiVersion: serving.knative.dev/v1
    kind: Service
    metadata:
      annotations:
        run.googleapis.com/client-name: gcloud
        run.googleapis.com/client-version: 557.0.0
        run.googleapis.com/ingress: all
        run.googleapis.com/ingress-status: all
        run.googleapis.com/maxScale: '20'
        run.googleapis.com/operation-id: b8ebf05b-ef5d-4b98-930d-a3c83bdd03f6
        run.googleapis.com/urls: '["https://arvion-backend-348624065149.us-central1.run.app"]'
        serving.knative.dev/creator: firebase-adminsdk-fbsvc@arvion-241094.iam.gserviceaccount.com
        serving.knative.dev/lastModifier: firebase-adminsdk-fbsvc@arvion-241094.iam.gserviceaccount.com
      creationTimestamp: '2026-02-24T04:55:10.966185Z'
      generation: 1
      labels:
        cloud.googleapis.com/location: us-central1
      name: arvion-backend
      namespace: '348624065149'
      resourceVersion: AAZLisopvyU
      selfLink: /apis/serving.knative.dev/v1/namespaces/348624065149/services/arvion-backend
      uid: 7a0e9942-b156-4854-8071-7aa8f0b996c8
    spec:
      template:
        metadata:
          annotations:
            run.googleapis.com/client-name: gcloud
            run.googleapis.com/client-version: 557.0.0
            run.googleapis.com/startup-cpu-boost: 'true'
          labels:
            client.knative.dev/nonce: pjnilulrjo
            run.googleapis.com/startupProbeType: Default
        spec:
          containerConcurrency: 80
          containers:
          - image: us-central1-docker.pkg.dev/arvion-241094/arvion-repo/backend:c070e13b07dc280a176f26f84e05796239ec4b25
            ports:
            - containerPort: 8080
              name: http1
            resources:
              limits:
                cpu: 1000m
                memory: 512Mi
            startupProbe:
              failureThreshold: 1
              periodSeconds: 240
              tcpSocket:
                port: 8080
              timeoutSeconds: 240
          serviceAccountName: 348624065149-compute@developer.gserviceaccount.com
          timeoutSeconds: 300
      traffic:
      - latestRevision: true
        percent: 100
    status:
      conditions:
      - lastTransitionTime: '2026-02-24T05:02:09.535165Z'
        message: |-
          The user-provided container failed to start and listen on the port defined provided by the PORT=8080 environment variable within the allocated timeout. This can happen when the container port is misconfigured or if the timeout is too short. The health check timeout can be extended. Logs for this revision might contain more information.

          Logs URL: https://console.cloud.google.com/logs/viewer?project=arvion-241094&resource=cloud_run_revision/service_name/arvion-backend/revision_name/arvion-backend-00001-x2s&advancedFilter=resource.type%3D%22cloud_run_revision%22%0Aresource.labels.service_name%3D%22arvion-backend%22%0Aresource.labels.revision_name%3D%22arvion-backend-00001-x2s%22 
          For more troubleshooting guidance, see https://cloud.google.com/run/docs/troubleshooting#container-failed-to-start
        reason: HealthCheckContainerError
        status: 'False'
        type: Ready
      - lastTransitionTime: '2026-02-24T05:02:09.535165Z'
        message: |-
          The user-provided container failed to start and listen on the port defined provided by the PORT=8080 environment variable within the allocated timeout. This can happen when the container port is misconfigured or if the timeout is too short. The health check timeout can be extended. Logs for this revision might contain more information.

          Logs URL: https://console.cloud.google.com/logs/viewer?project=arvion-241094&resource=cloud_run_revision/service_name/arvion-backend/revision_name/arvion-backend-00001-x2s&advancedFilter=resource.type%3D%22cloud_run_revision%22%0Aresource.labels.service_name%3D%22arvion-backend%22%0Aresource.labels.revision_name%3D%22arvion-backend-00001-x2s%22 
          For more troubleshooting guidance, see https://cloud.google.com/run/docs/troubleshooting#container-failed-to-start
        reason: HealthCheckContainerError
        status: 'False'
        type: ConfigurationsReady
      - lastTransitionTime: '2026-02-24T05:00:15.349670Z'
        message: Provisioning revision instances to receive traffic.
        status: Unknown
        type: RoutesReady
      latestCreatedRevisionName: arvion-backend-00001-x2s
      observedGeneration: 1
  serviceName: run.googleapis.com
  status:
    code: 9
    message: |-
      Ready condition status changed to False for Service arvion-backend with message: The user-provided container failed to start and listen on the port defined provided by the PORT=8080 environment variable within the allocated timeout. This can happen when the container port is misconfigured or if the timeout is too short. The health check timeout can be extended. Logs for this revision might contain more information.

      Logs URL: https://console.cloud.google.com/logs/viewer?project=arvion-241094&resource=cloud_run_revision/service_name/arvion-backend/revision_name/arvion-backend-00001-x2s&advancedFilter=resource.type%3D%22cloud_run_revision%22%0Aresource.labels.service_name%3D%22arvion-backend%22%0Aresource.labels.revision_name%3D%22arvion-backend-00001-x2s%22 
      For more troubleshooting guidance, see https://cloud.google.com/run/docs/troubleshooting#container-failed-to-start
receiveTimestamp: '2026-02-24T05:02:09.796738464Z'
resource:
  labels:
    configuration_name: ''
    location: us-central1
    project_id: arvion-241094
    revision_name: ''
    service_name: arvion-backend
  type: cloud_run_revision
severity: ERROR
timestamp: '2026-02-24T05:02:09.579080Z'
